--#
--#       Gpu PreAggregate TestCases with Date/Time types.
--# 
--#   [TODO] Time/Interval type has not implemented yet.
--#          If their types will be able to aggregate by Gpu,
--#          then we need refactor this test cases.
--#
-- global configuration
set pg_strom.gpu_setup_cost to 0;
set pg_strom.debug_force_gpupreagg to on;
set pg_strom.enable_gpusort to off;
set client_min_messages to warning;
set datestyle to 'Postgres, MDY';
-- timezone JST-9
set timezone to 'JST-9';
select key,max(timestamp_x) from strom_time_test group by key order by key;
 key  |               max               
------+---------------------------------
    0 | Thu Sep 24 10:56:44.931428 3987
    1 | Mon Aug 09 14:12:00.1395 3943
    2 | Mon Mar 02 01:35:26.410777 3789
    3 | Wed Jul 06 04:38:27.746319 3910
    4 | Sun Apr 28 09:31:21.316321 3844
    5 | Wed May 09 20:42:32.227029 3855
    6 | Sat Aug 21 01:23:11.437518 3954
    7 | Fri Jul 29 03:00:49.584935 3932
    8 | Sun Sep 12 23:45:33.105919 3976
    9 | Mon Oct 05 22:07:55.770963 3998
   10 | Thu Mar 13 12:46:37.484466 3800
 1000 | 
(12 rows)

select key,max(timestamptz_x) from strom_time_test group by key order by key;
 key  |                 max                 
------+-------------------------------------
    0 | Fri Sep 25 02:56:44.931428 3987 JST
    1 | Tue Aug 10 06:12:00.1395 3943 JST
    2 | Mon Mar 02 18:35:26.410777 3789 JST
    3 | Wed Jul 06 20:38:27.746319 3910 JST
    4 | Mon Apr 29 01:31:21.316321 3844 JST
    5 | Thu May 10 12:42:32.227029 3855 JST
    6 | Sat Aug 21 17:23:11.437518 3954 JST
    7 | Fri Jul 29 19:00:49.584935 3932 JST
    8 | Mon Sep 13 15:45:33.105919 3976 JST
    9 | Tue Oct 06 14:07:55.770963 3998 JST
   10 | Fri Mar 14 04:46:37.484466 3800 JST
 1000 | Sun Mar 08 15:59:59 2015 JST
(12 rows)

select key,max(date_x) from strom_time_test group by key order by key;
 key  |    max     
------+------------
    0 | 09-24-3987
    1 | 08-09-3943
    2 | 03-02-3789
    3 | 07-06-3910
    4 | 04-28-3844
    5 | 05-09-3855
    6 | 08-21-3954
    7 | 07-29-3932
    8 | 09-12-3976
    9 | 10-05-3998
   10 | 03-13-3800
 1000 | 
(12 rows)

select key,max(time_x) from strom_time_test group by key order by key;
 key  |       max       
------+-----------------
    0 | 23:46:17.70925
    1 | 22:58:23.562943
    2 | 23:58:32.416599
    3 | 22:58:45.170876
    4 | 23:33:40.266055
    5 | 23:57:48.693837
    6 | 23:58:54.482684
    7 | 23:34:24.184712
    8 | 23:46:39.266738
    9 | 23:59:38.049984
   10 | 23:23:15.782468
 1000 | 22:59:59
(12 rows)

select key,max(timetz_x) from strom_time_test group by key order by key;
 key  |        max         
------+--------------------
    0 | 23:46:17.70925-08
    1 | 22:58:23.562943-08
    2 | 23:58:32.416599-08
    3 | 22:58:45.170876-08
    4 | 22:46:30.292569-08
    5 | 23:57:48.693837-07
    6 | 23:58:54.482684-08
    7 | 23:34:24.184712-08
    8 | 23:46:39.266738-08
    9 | 23:59:38.049984-08
   10 | 23:23:15.782468-08
 1000 | 
(12 rows)

select key,max(interval_x) from strom_time_test group by key order by key;
 key  |                      max                      
------+-----------------------------------------------
    0 | @ 736960 days 17 hours 56 mins 44.931428 secs
    1 | @ 720843 days 21 hours 12 mins 0.1395 secs
    2 | @ 664437 days 9 hours 35 mins 26.410777 secs
    3 | @ 708756 days 11 hours 38 mins 27.746319 secs
    4 | @ 684582 days 16 hours 31 mins 21.316321 secs
    5 | @ 688611 days 3 hours 42 mins 32.227029 secs
    6 | @ 724873 days 8 hours 23 mins 11.437518 secs
    7 | @ 716815 days 10 hours 49.584935 secs
    8 | @ 732932 days 6 hours 45 mins 33.105919 secs
    9 | @ 740990 days 5 hours 7 mins 55.770963 secs
   10 | @ 668465 days 19 hours 46 mins 37.484466 secs
 1000 | 
(12 rows)

select key,min(timestamp_x) from strom_time_test group by key order by key;
 key  |                min                 
------+------------------------------------
    0 | Fri Jul 26 09:21:18.482895 3802 BC
    1 | Wed Apr 14 04:40:39.928004 3901 BC
    2 | Sat Jun 21 23:47:45.387283 3835 BC
    3 | Sat Feb 04 09:33:33.74594 3967 BC
    4 | Thu Jan 12 11:11:11.120229 3989 BC
    5 | Thu Mar 10 19:07:06.366202 3934 BC
    6 | Tue Jun 10 12:36:34.311426 3846 BC
    7 | Mon Jan 01 00:00:00.097646 4000 BC
    8 | Wed Feb 15 20:44:44.218017 3956 BC
    9 | Sat Apr 25 15:51:50.553662 3890 BC
   10 | Mon Jan 23 22:22:22.970948 3978 BC
 1000 | 
(12 rows)

select key,min(timestamptz_x) from strom_time_test group by key order by key;
 key  |                  min                   
------+----------------------------------------
    0 | Sat Jul 27 02:21:18.482895 3802 JST BC
    1 | Wed Apr 14 21:40:39.928004 3901 JST BC
    2 | Sun Jun 22 16:47:45.387283 3835 JST BC
    3 | Sun Feb 05 02:33:33.74594 3967 JST BC
    4 | Fri Jan 13 04:11:11.120229 3989 JST BC
    5 | Fri Mar 11 12:07:06.366202 3934 JST BC
    6 | Wed Jun 11 05:36:34.311426 3846 JST BC
    7 | Mon Jan 01 17:00:00.097646 4000 JST BC
    8 | Thu Feb 16 13:44:44.218017 3956 JST BC
    9 | Sun Apr 26 08:51:50.553662 3890 JST BC
   10 | Tue Jan 24 15:22:22.970948 3978 JST BC
 1000 | Sun Mar 08 15:59:59 2015 JST
(12 rows)

select key,min(date_x) from strom_time_test group by key order by key;
 key  |      min      
------+---------------
    0 | 07-26-3802 BC
    1 | 04-14-3901 BC
    2 | 06-21-3835 BC
    3 | 02-04-3967 BC
    4 | 01-12-3989 BC
    5 | 03-10-3934 BC
    6 | 06-10-3846 BC
    7 | 01-01-4000 BC
    8 | 02-15-3956 BC
    9 | 04-25-3890 BC
   10 | 01-23-3978 BC
 1000 | 
(12 rows)

select key,min(time_x) from strom_time_test group by key order by key;
 key  |       min       
------+-----------------
    0 | 00:10:47.578178
    1 | 01:12:24.652127
    2 | 00:23:46.176864
    3 | 00:11:53.665831
    4 | 00:47:10.711367
    5 | 00:10:25.002989
    6 | 00:24:08.276443
    7 | 00:00:00.097646
    8 | 00:10:03.524977
    9 | 00:11:31.751304
   10 | 00:36:01.743472
 1000 | 22:59:59
(12 rows)

select key,min(timetz_x) from strom_time_test group by key order by key;
 key  |        min         
------+--------------------
    0 | 00:22:40.722473-07
    1 | 01:59:56.026765-07
    2 | 00:23:46.176864-08
    3 | 00:22:18.241899-07
    4 | 01:11:18.018111-07
    5 | 00:10:25.002989-08
    6 | 01:23:11.437518-07
    7 | 00:00:00.097646-08
    8 | 00:10:03.524977-07
    9 | 00:11:31.751304-08
   10 | 00:36:01.743472-08
 1000 | 
(12 rows)

select key,min(interval_x) from strom_time_test group by key order by key;
 key  |                        min                         
------+----------------------------------------------------
    0 | @ 2107607 days 6 hours 38 mins 41.517105 secs ago
    1 | @ 2143869 days 11 hours 19 mins 20.071996 secs ago
    2 | @ 2119694 days 16 hours 12 mins 14.612717 secs ago
    3 | @ 2168044 days 6 hours 26 mins 26.25406 secs ago
    4 | @ 2176103 days 4 hours 48 mins 48.879771 secs ago
    5 | @ 2155956 days 20 hours 52 mins 53.633798 secs ago
    6 | @ 2123724 days 3 hours 23 mins 25.688574 secs ago
    7 | @ 2180131 days 15 hours 59 mins 59.902354 secs ago
    8 | @ 2164014 days 19 hours 15 mins 15.781983 secs ago
    9 | @ 2139841 days 8 mins 9.446338 secs ago
   10 | @ 2172073 days 17 hours 37 mins 37.029052 secs ago
 1000 | 
(12 rows)

select key,count(timestamp_x) from strom_time_test group by key order by key;
 key  | count 
------+-------
    0 |    66
    1 |    66
    2 |    66
    3 |    66
    4 |    66
    5 |    66
    6 |    66
    7 |    66
    8 |    66
    9 |    66
   10 |    66
 1000 |     0
(12 rows)

select key,count(timestamptz_x) from strom_time_test group by key order by key;
 key  | count 
------+-------
    0 |    66
    1 |    66
    2 |    66
    3 |    66
    4 |    66
    5 |    66
    6 |    66
    7 |    66
    8 |    66
    9 |    66
   10 |    66
 1000 |   100
(12 rows)

select key,count(date_x) from strom_time_test group by key order by key;
 key  | count 
------+-------
    0 |    66
    1 |    66
    2 |    66
    3 |    66
    4 |    66
    5 |    66
    6 |    66
    7 |    66
    8 |    66
    9 |    66
   10 |    66
 1000 |     0
(12 rows)

select key,count(time_x) from strom_time_test group by key order by key;
 key  | count 
------+-------
    0 |    66
    1 |    66
    2 |    66
    3 |    66
    4 |    66
    5 |    66
    6 |    66
    7 |    66
    8 |    66
    9 |    66
   10 |    66
 1000 |   100
(12 rows)

select key,count(timetz_x) from strom_time_test group by key order by key;
 key  | count 
------+-------
    0 |    66
    1 |    66
    2 |    66
    3 |    66
    4 |    66
    5 |    66
    6 |    66
    7 |    66
    8 |    66
    9 |    66
   10 |    66
 1000 |     0
(12 rows)

select key,count(interval_x) from strom_time_test group by key order by key;
 key  | count 
------+-------
    0 |    66
    1 |    66
    2 |    66
    3 |    66
    4 |    66
    5 |    66
    6 |    66
    7 |    66
    8 |    66
    9 |    66
   10 |    66
 1000 |     0
(12 rows)

select key,avg(time_x) from strom_time_test group by key order by key;
 key  |                avg                
------+-----------------------------------
    0 | @ 9 hours 55 mins 0.507456 secs
    1 | @ 11 hours 52 mins 39.307078 secs
    2 | @ 12 hours 31 mins 55.231762 secs
    3 | @ 11 hours 34 mins 37.98079 secs
    4 | @ 11 hours 47 mins 7.371567 secs
    5 | @ 12 hours 24 mins 54.728171 secs
    6 | @ 12 hours 42 mins 45.161391 secs
    7 | @ 13 hours 16 mins 45.183078 secs
    8 | @ 11 hours 27 mins 22.596653 secs
    9 | @ 12 hours 44 mins 21.060074 secs
   10 | @ 12 hours 42 mins 30.594649 secs
 1000 | @ 22 hours 59 mins 59 secs
(12 rows)

select key,avg(interval_x) from strom_time_test group by key order by key;
 key  |                        avg                        
------+---------------------------------------------------
    0 | @ 730985 days 26 hours 35 mins 54.037998 secs ago
    1 | @ 557916 days 15 hours 58.874744 secs ago
    2 | @ 643993 days 11 hours 33 mins 32.040965 secs ago
    3 | @ 684284 days 20 hours 59 mins 0.201029 secs ago
    4 | @ 817673 days 12 hours 22 mins 52.62843 secs ago
    5 | @ 666824 days 30 hours 39 mins 37.999102 secs ago
    6 | @ 783547 days 26 hours 22 mins 42.111338 secs ago
    7 | @ 757541 days 18 hours 1 min 25.726012 secs ago
    8 | @ 626960 days 26 hours 35 mins 21.039708 secs ago
    9 | @ 698142 days 16 hours 31 mins 6.212653 secs ago
   10 | @ 947398 days 31 hours 45 mins 40.314443 secs ago
 1000 | 
(12 rows)

select max(timestamp_x) from strom_time_test;
               max               
---------------------------------
 Mon Oct 05 22:07:55.770963 3998
(1 row)

select max(timestamptz_x) from strom_time_test;
                 max                 
-------------------------------------
 Tue Oct 06 14:07:55.770963 3998 JST
(1 row)

select max(date_x) from strom_time_test;
    max     
------------
 10-05-3998
(1 row)

select max(time_x) from strom_time_test;
       max       
-----------------
 23:59:38.049984
(1 row)

select max(timetz_x) from strom_time_test;
        max         
--------------------
 23:59:38.049984-08
(1 row)

select max(interval_x) from strom_time_test;
                     max                     
---------------------------------------------
 @ 740990 days 5 hours 7 mins 55.770963 secs
(1 row)

select min(timestamp_x) from strom_time_test;
                min                 
------------------------------------
 Mon Jan 01 00:00:00.097646 4000 BC
(1 row)

select min(timestamptz_x) from strom_time_test;
                  min                   
----------------------------------------
 Mon Jan 01 17:00:00.097646 4000 JST BC
(1 row)

select min(date_x) from strom_time_test;
      min      
---------------
 01-01-4000 BC
(1 row)

select min(time_x) from strom_time_test;
       min       
-----------------
 00:00:00.097646
(1 row)

select min(timetz_x) from strom_time_test;
        min         
--------------------
 00:10:03.524977-07
(1 row)

select min(interval_x) from strom_time_test;
                        min                         
----------------------------------------------------
 @ 2180131 days 15 hours 59 mins 59.902354 secs ago
(1 row)

select count(timestamp_x) from strom_time_test;
 count 
-------
   726
(1 row)

select count(timestamptz_x) from strom_time_test;
 count 
-------
   826
(1 row)

select count(date_x) from strom_time_test;
 count 
-------
   726
(1 row)

select count(time_x) from strom_time_test;
 count 
-------
   826
(1 row)

select count(timetz_x) from strom_time_test;
 count 
-------
   726
(1 row)

select count(interval_x) from strom_time_test;
 count 
-------
   726
(1 row)

select avg(time_x) from strom_time_test;
                avg                
-----------------------------------
 @ 13 hours 24 mins 41.696969 secs
(1 row)

select avg(interval_x) from strom_time_test;
                       avg                        
--------------------------------------------------
 @ 719570 days 6 hours 13 mins 28.289676 secs ago
(1 row)

-- timezone America/New_York
set timezone to 'America/New_York';
select key,max(timestamp_x) from strom_time_test group by key order by key;
 key  |               max               
------+---------------------------------
    0 | Thu Sep 24 10:56:44.931428 3987
    1 | Mon Aug 09 14:12:00.1395 3943
    2 | Mon Mar 02 01:35:26.410777 3789
    3 | Wed Jul 06 04:38:27.746319 3910
    4 | Sun Apr 28 09:31:21.316321 3844
    5 | Wed May 09 20:42:32.227029 3855
    6 | Sat Aug 21 01:23:11.437518 3954
    7 | Fri Jul 29 03:00:49.584935 3932
    8 | Sun Sep 12 23:45:33.105919 3976
    9 | Mon Oct 05 22:07:55.770963 3998
   10 | Thu Mar 13 12:46:37.484466 3800
 1000 | 
(12 rows)

select key,max(timestamptz_x) from strom_time_test group by key order by key;
 key  |                 max                 
------+-------------------------------------
    0 | Thu Sep 24 13:56:44.931428 3987 EDT
    1 | Mon Aug 09 17:12:00.1395 3943 EDT
    2 | Mon Mar 02 04:35:26.410777 3789 EST
    3 | Wed Jul 06 07:38:27.746319 3910 EDT
    4 | Sun Apr 28 12:31:21.316321 3844 EDT
    5 | Wed May 09 23:42:32.227029 3855 EDT
    6 | Sat Aug 21 04:23:11.437518 3954 EDT
    7 | Fri Jul 29 06:00:49.584935 3932 EDT
    8 | Mon Sep 13 02:45:33.105919 3976 EDT
    9 | Tue Oct 06 01:07:55.770963 3998 EDT
   10 | Thu Mar 13 15:46:37.484466 3800 EDT
 1000 | Sun Mar 08 01:59:59 2015 EST
(12 rows)

select key,max(date_x) from strom_time_test group by key order by key;
 key  |    max     
------+------------
    0 | 09-24-3987
    1 | 08-09-3943
    2 | 03-02-3789
    3 | 07-06-3910
    4 | 04-28-3844
    5 | 05-09-3855
    6 | 08-21-3954
    7 | 07-29-3932
    8 | 09-12-3976
    9 | 10-05-3998
   10 | 03-13-3800
 1000 | 
(12 rows)

select key,max(time_x) from strom_time_test group by key order by key;
 key  |       max       
------+-----------------
    0 | 23:46:17.70925
    1 | 22:58:23.562943
    2 | 23:58:32.416599
    3 | 22:58:45.170876
    4 | 23:33:40.266055
    5 | 23:57:48.693837
    6 | 23:58:54.482684
    7 | 23:34:24.184712
    8 | 23:46:39.266738
    9 | 23:59:38.049984
   10 | 23:23:15.782468
 1000 | 22:59:59
(12 rows)

select key,max(timetz_x) from strom_time_test group by key order by key;
 key  |        max         
------+--------------------
    0 | 23:46:17.70925-08
    1 | 22:58:23.562943-08
    2 | 23:58:32.416599-08
    3 | 22:58:45.170876-08
    4 | 22:46:30.292569-08
    5 | 23:57:48.693837-07
    6 | 23:58:54.482684-08
    7 | 23:34:24.184712-08
    8 | 23:46:39.266738-08
    9 | 23:59:38.049984-08
   10 | 23:23:15.782468-08
 1000 | 
(12 rows)

select key,max(interval_x) from strom_time_test group by key order by key;
 key  |                      max                      
------+-----------------------------------------------
    0 | @ 736960 days 17 hours 56 mins 44.931428 secs
    1 | @ 720843 days 21 hours 12 mins 0.1395 secs
    2 | @ 664437 days 9 hours 35 mins 26.410777 secs
    3 | @ 708756 days 11 hours 38 mins 27.746319 secs
    4 | @ 684582 days 16 hours 31 mins 21.316321 secs
    5 | @ 688611 days 3 hours 42 mins 32.227029 secs
    6 | @ 724873 days 8 hours 23 mins 11.437518 secs
    7 | @ 716815 days 10 hours 49.584935 secs
    8 | @ 732932 days 6 hours 45 mins 33.105919 secs
    9 | @ 740990 days 5 hours 7 mins 55.770963 secs
   10 | @ 668465 days 19 hours 46 mins 37.484466 secs
 1000 | 
(12 rows)

select key,min(timestamp_x) from strom_time_test group by key order by key;
 key  |                min                 
------+------------------------------------
    0 | Fri Jul 26 09:21:18.482895 3802 BC
    1 | Wed Apr 14 04:40:39.928004 3901 BC
    2 | Sat Jun 21 23:47:45.387283 3835 BC
    3 | Sat Feb 04 09:33:33.74594 3967 BC
    4 | Thu Jan 12 11:11:11.120229 3989 BC
    5 | Thu Mar 10 19:07:06.366202 3934 BC
    6 | Tue Jun 10 12:36:34.311426 3846 BC
    7 | Mon Jan 01 00:00:00.097646 4000 BC
    8 | Wed Feb 15 20:44:44.218017 3956 BC
    9 | Sat Apr 25 15:51:50.553662 3890 BC
   10 | Mon Jan 23 22:22:22.970948 3978 BC
 1000 | 
(12 rows)

select key,min(timestamptz_x) from strom_time_test group by key order by key;
 key  |                  min                   
------+----------------------------------------
    0 | Fri Jul 26 12:25:16.482895 3802 LMT BC
    1 | Wed Apr 14 07:44:37.928004 3901 LMT BC
    2 | Sun Jun 22 02:51:43.387283 3835 LMT BC
    3 | Sat Feb 04 12:37:31.74594 3967 LMT BC
    4 | Thu Jan 12 14:15:09.120229 3989 LMT BC
    5 | Thu Mar 10 22:11:04.366202 3934 LMT BC
    6 | Tue Jun 10 15:40:32.311426 3846 LMT BC
    7 | Mon Jan 01 03:03:58.097646 4000 LMT BC
    8 | Wed Feb 15 23:48:42.218017 3956 LMT BC
    9 | Sat Apr 25 18:55:48.553662 3890 LMT BC
   10 | Tue Jan 24 01:26:20.970948 3978 LMT BC
 1000 | Sun Mar 08 01:59:59 2015 EST
(12 rows)

select key,min(date_x) from strom_time_test group by key order by key;
 key  |      min      
------+---------------
    0 | 07-26-3802 BC
    1 | 04-14-3901 BC
    2 | 06-21-3835 BC
    3 | 02-04-3967 BC
    4 | 01-12-3989 BC
    5 | 03-10-3934 BC
    6 | 06-10-3846 BC
    7 | 01-01-4000 BC
    8 | 02-15-3956 BC
    9 | 04-25-3890 BC
   10 | 01-23-3978 BC
 1000 | 
(12 rows)

select key,min(time_x) from strom_time_test group by key order by key;
 key  |       min       
------+-----------------
    0 | 00:10:47.578178
    1 | 01:12:24.652127
    2 | 00:23:46.176864
    3 | 00:11:53.665831
    4 | 00:47:10.711367
    5 | 00:10:25.002989
    6 | 00:24:08.276443
    7 | 00:00:00.097646
    8 | 00:10:03.524977
    9 | 00:11:31.751304
   10 | 00:36:01.743472
 1000 | 22:59:59
(12 rows)

select key,min(timetz_x) from strom_time_test group by key order by key;
 key  |        min         
------+--------------------
    0 | 00:22:40.722473-07
    1 | 01:59:56.026765-07
    2 | 00:23:46.176864-08
    3 | 00:22:18.241899-07
    4 | 01:11:18.018111-07
    5 | 00:10:25.002989-08
    6 | 01:23:11.437518-07
    7 | 00:00:00.097646-08
    8 | 00:10:03.524977-07
    9 | 00:11:31.751304-08
   10 | 00:36:01.743472-08
 1000 | 
(12 rows)

select key,min(interval_x) from strom_time_test group by key order by key;
 key  |                        min                         
------+----------------------------------------------------
    0 | @ 2107607 days 6 hours 38 mins 41.517105 secs ago
    1 | @ 2143869 days 11 hours 19 mins 20.071996 secs ago
    2 | @ 2119694 days 16 hours 12 mins 14.612717 secs ago
    3 | @ 2168044 days 6 hours 26 mins 26.25406 secs ago
    4 | @ 2176103 days 4 hours 48 mins 48.879771 secs ago
    5 | @ 2155956 days 20 hours 52 mins 53.633798 secs ago
    6 | @ 2123724 days 3 hours 23 mins 25.688574 secs ago
    7 | @ 2180131 days 15 hours 59 mins 59.902354 secs ago
    8 | @ 2164014 days 19 hours 15 mins 15.781983 secs ago
    9 | @ 2139841 days 8 mins 9.446338 secs ago
   10 | @ 2172073 days 17 hours 37 mins 37.029052 secs ago
 1000 | 
(12 rows)

select key,count(timestamp_x) from strom_time_test group by key order by key;
 key  | count 
------+-------
    0 |    66
    1 |    66
    2 |    66
    3 |    66
    4 |    66
    5 |    66
    6 |    66
    7 |    66
    8 |    66
    9 |    66
   10 |    66
 1000 |     0
(12 rows)

select key,count(timestamptz_x) from strom_time_test group by key order by key;
 key  | count 
------+-------
    0 |    66
    1 |    66
    2 |    66
    3 |    66
    4 |    66
    5 |    66
    6 |    66
    7 |    66
    8 |    66
    9 |    66
   10 |    66
 1000 |   100
(12 rows)

select key,count(date_x) from strom_time_test group by key order by key;
 key  | count 
------+-------
    0 |    66
    1 |    66
    2 |    66
    3 |    66
    4 |    66
    5 |    66
    6 |    66
    7 |    66
    8 |    66
    9 |    66
   10 |    66
 1000 |     0
(12 rows)

select key,count(time_x) from strom_time_test group by key order by key;
 key  | count 
------+-------
    0 |    66
    1 |    66
    2 |    66
    3 |    66
    4 |    66
    5 |    66
    6 |    66
    7 |    66
    8 |    66
    9 |    66
   10 |    66
 1000 |   100
(12 rows)

select key,count(timetz_x) from strom_time_test group by key order by key;
 key  | count 
------+-------
    0 |    66
    1 |    66
    2 |    66
    3 |    66
    4 |    66
    5 |    66
    6 |    66
    7 |    66
    8 |    66
    9 |    66
   10 |    66
 1000 |     0
(12 rows)

select key,count(interval_x) from strom_time_test group by key order by key;
 key  | count 
------+-------
    0 |    66
    1 |    66
    2 |    66
    3 |    66
    4 |    66
    5 |    66
    6 |    66
    7 |    66
    8 |    66
    9 |    66
   10 |    66
 1000 |     0
(12 rows)

select key,avg(time_x) from strom_time_test group by key order by key;
 key  |                avg                
------+-----------------------------------
    0 | @ 9 hours 55 mins 0.507456 secs
    1 | @ 11 hours 52 mins 39.307078 secs
    2 | @ 12 hours 31 mins 55.231762 secs
    3 | @ 11 hours 34 mins 37.98079 secs
    4 | @ 11 hours 47 mins 7.371567 secs
    5 | @ 12 hours 24 mins 54.728171 secs
    6 | @ 12 hours 42 mins 45.161391 secs
    7 | @ 13 hours 16 mins 45.183078 secs
    8 | @ 11 hours 27 mins 22.596653 secs
    9 | @ 12 hours 44 mins 21.060074 secs
   10 | @ 12 hours 42 mins 30.594649 secs
 1000 | @ 22 hours 59 mins 59 secs
(12 rows)

select key,avg(interval_x) from strom_time_test group by key order by key;
 key  |                        avg                        
------+---------------------------------------------------
    0 | @ 730985 days 26 hours 35 mins 54.037998 secs ago
    1 | @ 557916 days 15 hours 58.874744 secs ago
    2 | @ 643993 days 11 hours 33 mins 32.040965 secs ago
    3 | @ 684284 days 20 hours 59 mins 0.201029 secs ago
    4 | @ 817673 days 12 hours 22 mins 52.62843 secs ago
    5 | @ 666824 days 30 hours 39 mins 37.999102 secs ago
    6 | @ 783547 days 26 hours 22 mins 42.111338 secs ago
    7 | @ 757541 days 18 hours 1 min 25.726012 secs ago
    8 | @ 626960 days 26 hours 35 mins 21.039708 secs ago
    9 | @ 698142 days 16 hours 31 mins 6.212653 secs ago
   10 | @ 947398 days 31 hours 45 mins 40.314443 secs ago
 1000 | 
(12 rows)

select max(timestamp_x) from strom_time_test;
               max               
---------------------------------
 Mon Oct 05 22:07:55.770963 3998
(1 row)

select max(timestamptz_x) from strom_time_test;
                 max                 
-------------------------------------
 Tue Oct 06 01:07:55.770963 3998 EDT
(1 row)

select max(date_x) from strom_time_test;
    max     
------------
 10-05-3998
(1 row)

select max(time_x) from strom_time_test;
       max       
-----------------
 23:59:38.049984
(1 row)

select max(timetz_x) from strom_time_test;
        max         
--------------------
 23:59:38.049984-08
(1 row)

select max(interval_x) from strom_time_test;
                     max                     
---------------------------------------------
 @ 740990 days 5 hours 7 mins 55.770963 secs
(1 row)

select min(timestamp_x) from strom_time_test;
                min                 
------------------------------------
 Mon Jan 01 00:00:00.097646 4000 BC
(1 row)

select min(timestamptz_x) from strom_time_test;
                  min                   
----------------------------------------
 Mon Jan 01 03:03:58.097646 4000 LMT BC
(1 row)

select min(date_x) from strom_time_test;
      min      
---------------
 01-01-4000 BC
(1 row)

select min(time_x) from strom_time_test;
       min       
-----------------
 00:00:00.097646
(1 row)

select min(timetz_x) from strom_time_test;
        min         
--------------------
 00:10:03.524977-07
(1 row)

select min(interval_x) from strom_time_test;
                        min                         
----------------------------------------------------
 @ 2180131 days 15 hours 59 mins 59.902354 secs ago
(1 row)

select count(timestamp_x) from strom_time_test;
 count 
-------
   726
(1 row)

select count(timestamptz_x) from strom_time_test;
 count 
-------
   826
(1 row)

select count(date_x) from strom_time_test;
 count 
-------
   726
(1 row)

select count(time_x) from strom_time_test;
 count 
-------
   826
(1 row)

select count(timetz_x) from strom_time_test;
 count 
-------
   726
(1 row)

select count(interval_x) from strom_time_test;
 count 
-------
   726
(1 row)

select avg(time_x) from strom_time_test;
                avg                
-----------------------------------
 @ 13 hours 24 mins 41.696969 secs
(1 row)

select avg(interval_x) from strom_time_test;
                       avg                        
--------------------------------------------------
 @ 719570 days 6 hours 13 mins 28.289676 secs ago
(1 row)

-- timezone Europe/Moscow
set timezone to 'Europe/Moscow';
select key,max(timestamp_x) from strom_time_test group by key order by key;
 key  |               max               
------+---------------------------------
    0 | Thu Sep 24 10:56:44.931428 3987
    1 | Mon Aug 09 14:12:00.1395 3943
    2 | Mon Mar 02 01:35:26.410777 3789
    3 | Wed Jul 06 04:38:27.746319 3910
    4 | Sun Apr 28 09:31:21.316321 3844
    5 | Wed May 09 20:42:32.227029 3855
    6 | Sat Aug 21 01:23:11.437518 3954
    7 | Fri Jul 29 03:00:49.584935 3932
    8 | Sun Sep 12 23:45:33.105919 3976
    9 | Mon Oct 05 22:07:55.770963 3998
   10 | Thu Mar 13 12:46:37.484466 3800
 1000 | 
(12 rows)

select key,max(timestamptz_x) from strom_time_test group by key order by key;
 key  |                 max                 
------+-------------------------------------
    0 | Thu Sep 24 20:56:44.931428 3987 MSK
    1 | Tue Aug 10 00:12:00.1395 3943 MSK
    2 | Mon Mar 02 12:35:26.410777 3789 MSK
    3 | Wed Jul 06 14:38:27.746319 3910 MSK
    4 | Sun Apr 28 19:31:21.316321 3844 MSK
    5 | Thu May 10 06:42:32.227029 3855 MSK
    6 | Sat Aug 21 11:23:11.437518 3954 MSK
    7 | Fri Jul 29 13:00:49.584935 3932 MSK
    8 | Mon Sep 13 09:45:33.105919 3976 MSK
    9 | Tue Oct 06 08:07:55.770963 3998 MSK
   10 | Thu Mar 13 22:46:37.484466 3800 MSK
 1000 | Sun Mar 08 09:59:59 2015 MSK
(12 rows)

select key,max(date_x) from strom_time_test group by key order by key;
 key  |    max     
------+------------
    0 | 09-24-3987
    1 | 08-09-3943
    2 | 03-02-3789
    3 | 07-06-3910
    4 | 04-28-3844
    5 | 05-09-3855
    6 | 08-21-3954
    7 | 07-29-3932
    8 | 09-12-3976
    9 | 10-05-3998
   10 | 03-13-3800
 1000 | 
(12 rows)

select key,max(time_x) from strom_time_test group by key order by key;
 key  |       max       
------+-----------------
    0 | 23:46:17.70925
    1 | 22:58:23.562943
    2 | 23:58:32.416599
    3 | 22:58:45.170876
    4 | 23:33:40.266055
    5 | 23:57:48.693837
    6 | 23:58:54.482684
    7 | 23:34:24.184712
    8 | 23:46:39.266738
    9 | 23:59:38.049984
   10 | 23:23:15.782468
 1000 | 22:59:59
(12 rows)

select key,max(timetz_x) from strom_time_test group by key order by key;
 key  |        max         
------+--------------------
    0 | 23:46:17.70925-08
    1 | 22:58:23.562943-08
    2 | 23:58:32.416599-08
    3 | 22:58:45.170876-08
    4 | 22:46:30.292569-08
    5 | 23:57:48.693837-07
    6 | 23:58:54.482684-08
    7 | 23:34:24.184712-08
    8 | 23:46:39.266738-08
    9 | 23:59:38.049984-08
   10 | 23:23:15.782468-08
 1000 | 
(12 rows)

select key,max(interval_x) from strom_time_test group by key order by key;
 key  |                      max                      
------+-----------------------------------------------
    0 | @ 736960 days 17 hours 56 mins 44.931428 secs
    1 | @ 720843 days 21 hours 12 mins 0.1395 secs
    2 | @ 664437 days 9 hours 35 mins 26.410777 secs
    3 | @ 708756 days 11 hours 38 mins 27.746319 secs
    4 | @ 684582 days 16 hours 31 mins 21.316321 secs
    5 | @ 688611 days 3 hours 42 mins 32.227029 secs
    6 | @ 724873 days 8 hours 23 mins 11.437518 secs
    7 | @ 716815 days 10 hours 49.584935 secs
    8 | @ 732932 days 6 hours 45 mins 33.105919 secs
    9 | @ 740990 days 5 hours 7 mins 55.770963 secs
   10 | @ 668465 days 19 hours 46 mins 37.484466 secs
 1000 | 
(12 rows)

select key,min(timestamp_x) from strom_time_test group by key order by key;
 key  |                min                 
------+------------------------------------
    0 | Fri Jul 26 09:21:18.482895 3802 BC
    1 | Wed Apr 14 04:40:39.928004 3901 BC
    2 | Sat Jun 21 23:47:45.387283 3835 BC
    3 | Sat Feb 04 09:33:33.74594 3967 BC
    4 | Thu Jan 12 11:11:11.120229 3989 BC
    5 | Thu Mar 10 19:07:06.366202 3934 BC
    6 | Tue Jun 10 12:36:34.311426 3846 BC
    7 | Mon Jan 01 00:00:00.097646 4000 BC
    8 | Wed Feb 15 20:44:44.218017 3956 BC
    9 | Sat Apr 25 15:51:50.553662 3890 BC
   10 | Mon Jan 23 22:22:22.970948 3978 BC
 1000 | 
(12 rows)

select key,min(timestamptz_x) from strom_time_test group by key order by key;
 key  |                  min                   
------+----------------------------------------
    0 | Fri Jul 26 19:51:35.482895 3802 LMT BC
    1 | Wed Apr 14 15:10:56.928004 3901 LMT BC
    2 | Sun Jun 22 10:18:02.387283 3835 LMT BC
    3 | Sat Feb 04 20:03:50.74594 3967 LMT BC
    4 | Thu Jan 12 21:41:28.120229 3989 LMT BC
    5 | Fri Mar 11 05:37:23.366202 3934 LMT BC
    6 | Tue Jun 10 23:06:51.311426 3846 LMT BC
    7 | Mon Jan 01 10:30:17.097646 4000 LMT BC
    8 | Thu Feb 16 07:15:01.218017 3956 LMT BC
    9 | Sun Apr 26 02:22:07.553662 3890 LMT BC
   10 | Tue Jan 24 08:52:39.970948 3978 LMT BC
 1000 | Sun Mar 08 09:59:59 2015 MSK
(12 rows)

select key,min(date_x) from strom_time_test group by key order by key;
 key  |      min      
------+---------------
    0 | 07-26-3802 BC
    1 | 04-14-3901 BC
    2 | 06-21-3835 BC
    3 | 02-04-3967 BC
    4 | 01-12-3989 BC
    5 | 03-10-3934 BC
    6 | 06-10-3846 BC
    7 | 01-01-4000 BC
    8 | 02-15-3956 BC
    9 | 04-25-3890 BC
   10 | 01-23-3978 BC
 1000 | 
(12 rows)

select key,min(time_x) from strom_time_test group by key order by key;
 key  |       min       
------+-----------------
    0 | 00:10:47.578178
    1 | 01:12:24.652127
    2 | 00:23:46.176864
    3 | 00:11:53.665831
    4 | 00:47:10.711367
    5 | 00:10:25.002989
    6 | 00:24:08.276443
    7 | 00:00:00.097646
    8 | 00:10:03.524977
    9 | 00:11:31.751304
   10 | 00:36:01.743472
 1000 | 22:59:59
(12 rows)

select key,min(timetz_x) from strom_time_test group by key order by key;
 key  |        min         
------+--------------------
    0 | 00:22:40.722473-07
    1 | 01:59:56.026765-07
    2 | 00:23:46.176864-08
    3 | 00:22:18.241899-07
    4 | 01:11:18.018111-07
    5 | 00:10:25.002989-08
    6 | 01:23:11.437518-07
    7 | 00:00:00.097646-08
    8 | 00:10:03.524977-07
    9 | 00:11:31.751304-08
   10 | 00:36:01.743472-08
 1000 | 
(12 rows)

select key,min(interval_x) from strom_time_test group by key order by key;
 key  |                        min                         
------+----------------------------------------------------
    0 | @ 2107607 days 6 hours 38 mins 41.517105 secs ago
    1 | @ 2143869 days 11 hours 19 mins 20.071996 secs ago
    2 | @ 2119694 days 16 hours 12 mins 14.612717 secs ago
    3 | @ 2168044 days 6 hours 26 mins 26.25406 secs ago
    4 | @ 2176103 days 4 hours 48 mins 48.879771 secs ago
    5 | @ 2155956 days 20 hours 52 mins 53.633798 secs ago
    6 | @ 2123724 days 3 hours 23 mins 25.688574 secs ago
    7 | @ 2180131 days 15 hours 59 mins 59.902354 secs ago
    8 | @ 2164014 days 19 hours 15 mins 15.781983 secs ago
    9 | @ 2139841 days 8 mins 9.446338 secs ago
   10 | @ 2172073 days 17 hours 37 mins 37.029052 secs ago
 1000 | 
(12 rows)

select key,count(timestamp_x) from strom_time_test group by key order by key;
 key  | count 
------+-------
    0 |    66
    1 |    66
    2 |    66
    3 |    66
    4 |    66
    5 |    66
    6 |    66
    7 |    66
    8 |    66
    9 |    66
   10 |    66
 1000 |     0
(12 rows)

select key,count(timestamptz_x) from strom_time_test group by key order by key;
 key  | count 
------+-------
    0 |    66
    1 |    66
    2 |    66
    3 |    66
    4 |    66
    5 |    66
    6 |    66
    7 |    66
    8 |    66
    9 |    66
   10 |    66
 1000 |   100
(12 rows)

select key,count(date_x) from strom_time_test group by key order by key;
 key  | count 
------+-------
    0 |    66
    1 |    66
    2 |    66
    3 |    66
    4 |    66
    5 |    66
    6 |    66
    7 |    66
    8 |    66
    9 |    66
   10 |    66
 1000 |     0
(12 rows)

select key,count(time_x) from strom_time_test group by key order by key;
 key  | count 
------+-------
    0 |    66
    1 |    66
    2 |    66
    3 |    66
    4 |    66
    5 |    66
    6 |    66
    7 |    66
    8 |    66
    9 |    66
   10 |    66
 1000 |   100
(12 rows)

select key,count(timetz_x) from strom_time_test group by key order by key;
 key  | count 
------+-------
    0 |    66
    1 |    66
    2 |    66
    3 |    66
    4 |    66
    5 |    66
    6 |    66
    7 |    66
    8 |    66
    9 |    66
   10 |    66
 1000 |     0
(12 rows)

select key,count(interval_x) from strom_time_test group by key order by key;
 key  | count 
------+-------
    0 |    66
    1 |    66
    2 |    66
    3 |    66
    4 |    66
    5 |    66
    6 |    66
    7 |    66
    8 |    66
    9 |    66
   10 |    66
 1000 |     0
(12 rows)

select key,avg(time_x) from strom_time_test group by key order by key;
 key  |                avg                
------+-----------------------------------
    0 | @ 9 hours 55 mins 0.507456 secs
    1 | @ 11 hours 52 mins 39.307078 secs
    2 | @ 12 hours 31 mins 55.231762 secs
    3 | @ 11 hours 34 mins 37.98079 secs
    4 | @ 11 hours 47 mins 7.371567 secs
    5 | @ 12 hours 24 mins 54.728171 secs
    6 | @ 12 hours 42 mins 45.161391 secs
    7 | @ 13 hours 16 mins 45.183078 secs
    8 | @ 11 hours 27 mins 22.596653 secs
    9 | @ 12 hours 44 mins 21.060074 secs
   10 | @ 12 hours 42 mins 30.594649 secs
 1000 | @ 22 hours 59 mins 59 secs
(12 rows)

select key,avg(interval_x) from strom_time_test group by key order by key;
 key  |                        avg                        
------+---------------------------------------------------
    0 | @ 730985 days 26 hours 35 mins 54.037998 secs ago
    1 | @ 557916 days 15 hours 58.874744 secs ago
    2 | @ 643993 days 11 hours 33 mins 32.040965 secs ago
    3 | @ 684284 days 20 hours 59 mins 0.201029 secs ago
    4 | @ 817673 days 12 hours 22 mins 52.62843 secs ago
    5 | @ 666824 days 30 hours 39 mins 37.999102 secs ago
    6 | @ 783547 days 26 hours 22 mins 42.111338 secs ago
    7 | @ 757541 days 18 hours 1 min 25.726012 secs ago
    8 | @ 626960 days 26 hours 35 mins 21.039708 secs ago
    9 | @ 698142 days 16 hours 31 mins 6.212653 secs ago
   10 | @ 947398 days 31 hours 45 mins 40.314443 secs ago
 1000 | 
(12 rows)

select max(timestamp_x) from strom_time_test;
               max               
---------------------------------
 Mon Oct 05 22:07:55.770963 3998
(1 row)

select max(timestamptz_x) from strom_time_test;
                 max                 
-------------------------------------
 Tue Oct 06 08:07:55.770963 3998 MSK
(1 row)

select max(date_x) from strom_time_test;
    max     
------------
 10-05-3998
(1 row)

select max(time_x) from strom_time_test;
       max       
-----------------
 23:59:38.049984
(1 row)

select max(timetz_x) from strom_time_test;
        max         
--------------------
 23:59:38.049984-08
(1 row)

select max(interval_x) from strom_time_test;
                     max                     
---------------------------------------------
 @ 740990 days 5 hours 7 mins 55.770963 secs
(1 row)

select min(timestamp_x) from strom_time_test;
                min                 
------------------------------------
 Mon Jan 01 00:00:00.097646 4000 BC
(1 row)

select min(timestamptz_x) from strom_time_test;
                  min                   
----------------------------------------
 Mon Jan 01 10:30:17.097646 4000 LMT BC
(1 row)

select min(date_x) from strom_time_test;
      min      
---------------
 01-01-4000 BC
(1 row)

select min(time_x) from strom_time_test;
       min       
-----------------
 00:00:00.097646
(1 row)

select min(timetz_x) from strom_time_test;
        min         
--------------------
 00:10:03.524977-07
(1 row)

select min(interval_x) from strom_time_test;
                        min                         
----------------------------------------------------
 @ 2180131 days 15 hours 59 mins 59.902354 secs ago
(1 row)

select count(timestamp_x) from strom_time_test;
 count 
-------
   726
(1 row)

select count(timestamptz_x) from strom_time_test;
 count 
-------
   826
(1 row)

select count(date_x) from strom_time_test;
 count 
-------
   726
(1 row)

select count(time_x) from strom_time_test;
 count 
-------
   826
(1 row)

select count(timetz_x) from strom_time_test;
 count 
-------
   726
(1 row)

select count(interval_x) from strom_time_test;
 count 
-------
   726
(1 row)

select avg(time_x) from strom_time_test;
                avg                
-----------------------------------
 @ 13 hours 24 mins 41.696969 secs
(1 row)

select avg(interval_x) from strom_time_test;
                       avg                        
--------------------------------------------------
 @ 719570 days 6 hours 13 mins 28.289676 secs ago
(1 row)

